Omar@Legion-5-Slim MINGW64 ~/OneDrive/Documents/SEM 6 LAB WORK/SEPM/EXP1
$ mkdir git-dvcs

Omar@Legion-5-Slim MINGW64 ~/OneDrive/Documents/SEM 6 LAB WORK/SEPM/EXP1
$ cd git-dvcs/

Omar@Legion-5-Slim MINGW64 ~/OneDrive/Documents/SEM 6 LAB WORK/SEPM/EXP1/git-dvcs
$ git config –global
error: key does not contain a section: –global

Omar@Legion-5-Slim MINGW64 ~/OneDrive/Documents/SEM 6 LAB WORK/SEPM/EXP1/git-dvcs
$ git config --global user.name "Omar Rakhe"

Omar@Legion-5-Slim MINGW64 ~/OneDrive/Documents/SEM 6 LAB WORK/SEPM/EXP1/git-dvcs
$ git config --global user.email "rakheomar@outlook.com"

Omar@Legion-5-Slim MINGW64 ~/OneDrive/Documents/SEM 6 LAB WORK/SEPM/EXP1/git-dvcs
$ git config --global --list
user.name=Omar Rakhe
user.emal=rakheomar@outlook.com
user.email=rakheomar@outlook.com
filter.lfs.clean=git-lfs clean -- %f
filter.lfs.smudge=git-lfs smudge -- %f
filter.lfs.process=git-lfs filter-process
filter.lfs.required=true

Omar@Legion-5-Slim MINGW64 ~/OneDrive/Documents/SEM 6 LAB WORK/SEPM/EXP1/git-dvcs
$ cd ..

Omar@Legion-5-Slim MINGW64 ~/OneDrive/Documents/SEM 6 LAB WORK/SEPM/EXP1
$ mkdir git-demo-project

Omar@Legion-5-Slim MINGW64 ~/OneDrive/Documents/SEM 6 LAB WORK/SEPM/EXP1
$ cd
git-demo-project/ git-dvcs/         README.md

Omar@Legion-5-Slim MINGW64 ~/OneDrive/Documents/SEM 6 LAB WORK/SEPM/EXP1
$ cd git-demo-project/

Omar@Legion-5-Slim MINGW64 ~/OneDrive/Documents/SEM 6 LAB WORK/SEPM/EXP1/git-demo-project
$ git init
Initialized empty Git repository in C:/Users/Omar/OneDrive/Documents/SEM 6 LAB WORK/SEPM/EXP1/git-demo-project/.git/

Omar@Legion-5-Slim MINGW64 ~/OneDrive/Documents/SEM 6 LAB WORK/SEPM/EXP1/git-demo-project (master)
$ git add .

Omar@Legion-5-Slim MINGW64 ~/OneDrive/Documents/SEM 6 LAB WORK/SEPM/EXP1/git-demo-project (master)
$ git status
On branch master

No commits yet

Changes to be committed:
  (use "git rm --cached <file>..." to unstage)
        new file:   README.md


Omar@Legion-5-Slim MINGW64 ~/OneDrive/Documents/SEM 6 LAB WORK/SEPM/EXP1/git-demo-project (master)
$ git commit -m "First Commit"
[master (root-commit) 02af20b] First Commit
 1 file changed, 0 insertions(+), 0 deletions(-)
 create mode 100644 README.md

Omar@Legion-5-Slim MINGW64 ~/OneDrive/Documents/SEM 6 LAB WORK/SEPM/EXP1/git-demo-project (master)
$ git commit -am "express Commit"
On branch master
nothing to commit, working tree clean

Omar@Legion-5-Slim MINGW64 ~/OneDrive/Documents/SEM 6 LAB WORK/SEPM/EXP1/git-demo-project (master)
$ touch teststatus

Omar@Legion-5-Slim MINGW64 ~/OneDrive/Documents/SEM 6 LAB WORK/SEPM/EXP1/git-demo-project (master)
$ nano index.html

Omar@Legion-5-Slim MINGW64 ~/OneDrive/Documents/SEM 6 LAB WORK/SEPM/EXP1/git-demo-project (master)
$ git add index.html
git add teststatus
git commit -am "Express commit"
warning: in the working copy of 'index.html', LF will be replaced by CRLF the next time Git touches it
[master 2713264] Express commit
 2 files changed, 2 insertions(+)
 create mode 100644 index.html
 create mode 100644 teststatus

Omar@Legion-5-Slim MINGW64 ~/OneDrive/Documents/SEM 6 LAB WORK/SEPM/EXP1/git-demo-project (master)
$ git log
commit 2713264499b4908b21e001fdba97f0534b658d4e (HEAD -> master)
Author: Omar Rakhe <rakheomar@outlook.com>
Date:   Fri Jan 23 13:42:02 2026 +0530

    Express commit

commit 02af20b8bd517849f6763b1b37e92578a6c789e7
Author: Omar Rakhe <rakheomar@outlook.com>
Date:   Fri Jan 23 13:40:15 2026 +0530

    First Commit

Omar@Legion-5-Slim MINGW64 ~/OneDrive/Documents/SEM 6 LAB WORK/SEPM/EXP1/git-demo-project (master)
$ git log --oneline
2713264 (HEAD -> master) Express commit
02af20b First Commit

Omar@Legion-5-Slim MINGW64 ~/OneDrive/Documents/SEM 6 LAB WORK/SEPM/EXP1/git-demo-project (master)
$ git remote add origin https://github.com/rakheOmar/git-demo-project.git

Omar@Legion-5-Slim MINGW64 ~/OneDrive/Documents/SEM 6 LAB WORK/SEPM/EXP1/git-demo-project (master)
$ git remote show origin
* remote origin
  Fetch URL: https://github.com/rakheOmar/git-demo-project.git
  Push  URL: https://github.com/rakheOmar/git-demo-project.git
  HEAD branch: (unknown)

Omar@Legion-5-Slim MINGW64 ~/OneDrive/Documents/SEM 6 LAB WORK/SEPM/EXP1/git-demo-project (master)
$

Omar@Legion-5-Slim MINGW64 ~/OneDrive/Documents/SEM 6 LAB WORK/SEPM/EXP1/git-demo-project (master)
$ git push -u origin master
Enumerating objects: 6, done.
Counting objects: 100% (6/6), done.
Delta compression using up to 16 threads
Compressing objects: 100% (3/3), done.
Writing objects: 100% (6/6), 483 bytes | 483.00 KiB/s, done.
Total 6 (delta 0), reused 0 (delta 0), pack-reused 0 (from 0)
To https://github.com/rakheOmar/git-demo-project.git
 * [new branch]      master -> master
branch 'master' set up to track 'origin/master'.

Omar@Legion-5-Slim MINGW64 ~/OneDrive/Documents/SEM 6 LAB WORK/SEPM/EXP1/git-demo-project (master)
$ git pull
Already up to date.

Omar@Legion-5-Slim MINGW64 ~/OneDrive/Documents/SEM 6 LAB WORK/SEPM/EXP1/git-demo-project (master)
$ git fetch

Omar@Legion-5-Slim MINGW64 ~/OneDrive/Documents/SEM 6 LAB WORK/SEPM/EXP1/git-demo-project (master)
$ git pull
remote: Enumerating objects: 5, done.
remote: Counting objects: 100% (5/5), done.
remote: Compressing objects: 100% (2/2), done.
remote: Total 3 (delta 0), reused 0 (delta 0), pack-reused 0 (from 0)
Unpacking objects: 100% (3/3), 1005 bytes | 77.00 KiB/s, done.
From https://github.com/rakheOmar/git-demo-project
   2713264..564eff1  master     -> origin/master
Updating 2713264..564eff1
Fast-forward
 README.md | 1 +
 1 file changed, 1 insertion(+)

Omar@Legion-5-Slim MINGW64 ~/OneDrive/Documents/SEM 6 LAB WORK/SEPM/EXP1/git-demo-project (master)
$